// Jest Snapshot v1, https://goo.gl/fbAQLP

exports[`returns elevation styles for z=0 1`] = `
"
    z-index: 0;
    box-shadow: var(--shadow, 0px 0px 0px 0px rgba(var(--shadow-color), var(--umbra-opacity)), 0px 0px 0px 0px rgba(var(--shadow-color), var(--penumbra-opacity)), 0px 0px 0px 0px rgba(var(--shadow-color), var(--ambient-opacity)));
    background-image: var(--overlay, linear-gradient(rgba(var(--on-surface), 0), rgba(var(--on-surface), 0)));
  "
`;

exports[`returns elevation styles for z=1 1`] = `
"
    z-index: 1;
    box-shadow: var(--shadow, 0px 2px 1px -1px rgba(var(--shadow-color), var(--umbra-opacity)), 0px 1px 1px 0px rgba(var(--shadow-color), var(--penumbra-opacity)), 0px 1px 3px 0px rgba(var(--shadow-color), var(--ambient-opacity)));
    background-image: var(--overlay, linear-gradient(rgba(var(--on-surface), 0.05), rgba(var(--on-surface), 0.05)));
  "
`;

exports[`returns elevation styles for z=2 1`] = `
"
    z-index: 2;
    box-shadow: var(--shadow, 0px 3px 1px -2px rgba(var(--shadow-color), var(--umbra-opacity)), 0px 2px 2px 0px rgba(var(--shadow-color), var(--penumbra-opacity)), 0px 1px 5px 0px rgba(var(--shadow-color), var(--ambient-opacity)));
    background-image: var(--overlay, linear-gradient(rgba(var(--on-surface), 0.07), rgba(var(--on-surface), 0.07)));
  "
`;

exports[`returns elevation styles for z=3 1`] = `
"
    z-index: 3;
    box-shadow: var(--shadow, 0px 3px 3px -2px rgba(var(--shadow-color), var(--umbra-opacity)), 0px 3px 4px 0px rgba(var(--shadow-color), var(--penumbra-opacity)), 0px 1px 8px 0px rgba(var(--shadow-color), var(--ambient-opacity)));
    background-image: var(--overlay, linear-gradient(rgba(var(--on-surface), 0.08), rgba(var(--on-surface), 0.08)));
  "
`;

exports[`returns elevation styles for z=4 1`] = `
"
    z-index: 4;
    box-shadow: var(--shadow, 0px 2px 4px -1px rgba(var(--shadow-color), var(--umbra-opacity)), 0px 4px 5px 0px rgba(var(--shadow-color), var(--penumbra-opacity)), 0px 1px 10px 0px rgba(var(--shadow-color), var(--ambient-opacity)));
    background-image: var(--overlay, linear-gradient(rgba(var(--on-surface), 0.09), rgba(var(--on-surface), 0.09)));
  "
`;

exports[`returns elevation styles for z=5 1`] = `
"
    z-index: 5;
    box-shadow: var(--shadow, 0px 3px 5px -1px rgba(var(--shadow-color), var(--umbra-opacity)), 0px 5px 8px 0px rgba(var(--shadow-color), var(--penumbra-opacity)), 0px 1px 14px 0px rgba(var(--shadow-color), var(--ambient-opacity)));
    background-image: var(--overlay, linear-gradient(rgba(var(--on-surface), 0.1), rgba(var(--on-surface), 0.1)));
  "
`;

exports[`returns elevation styles for z=6 1`] = `
"
    z-index: 6;
    box-shadow: var(--shadow, 0px 3px 5px -1px rgba(var(--shadow-color), var(--umbra-opacity)), 0px 6px 10px 0px rgba(var(--shadow-color), var(--penumbra-opacity)), 0px 1px 18px 0px rgba(var(--shadow-color), var(--ambient-opacity)));
    background-image: var(--overlay, linear-gradient(rgba(var(--on-surface), 0.11), rgba(var(--on-surface), 0.11)));
  "
`;

exports[`returns elevation styles for z=7 1`] = `
"
    z-index: 7;
    box-shadow: var(--shadow, 0px 4px 5px -2px rgba(var(--shadow-color), var(--umbra-opacity)), 0px 7px 10px 1px rgba(var(--shadow-color), var(--penumbra-opacity)), 0px 2px 16px 1px rgba(var(--shadow-color), var(--ambient-opacity)));
    background-image: var(--overlay, linear-gradient(rgba(var(--on-surface), 0.11), rgba(var(--on-surface), 0.11)));
  "
`;

exports[`returns elevation styles for z=8 1`] = `
"
    z-index: 8;
    box-shadow: var(--shadow, 0px 5px 5px -3px rgba(var(--shadow-color), var(--umbra-opacity)), 0px 8px 10px 1px rgba(var(--shadow-color), var(--penumbra-opacity)), 0px 3px 14px 2px rgba(var(--shadow-color), var(--ambient-opacity)));
    background-image: var(--overlay, linear-gradient(rgba(var(--on-surface), 0.12), rgba(var(--on-surface), 0.12)));
  "
`;

exports[`returns elevation styles for z=9 1`] = `
"
    z-index: 9;
    box-shadow: var(--shadow, 0px 5px 6px -3px rgba(var(--shadow-color), var(--umbra-opacity)), 0px 9px 12px 1px rgba(var(--shadow-color), var(--penumbra-opacity)), 0px 3px 16px 2px rgba(var(--shadow-color), var(--ambient-opacity)));
    background-image: var(--overlay, linear-gradient(rgba(var(--on-surface), 0.12), rgba(var(--on-surface), 0.12)));
  "
`;

exports[`returns elevation styles for z=10 1`] = `
"
    z-index: 10;
    box-shadow: var(--shadow, 0px 6px 6px -3px rgba(var(--shadow-color), var(--umbra-opacity)), 0px 10px 14px 1px rgba(var(--shadow-color), var(--penumbra-opacity)), 0px 4px 18px 3px rgba(var(--shadow-color), var(--ambient-opacity)));
    background-image: var(--overlay, linear-gradient(rgba(var(--on-surface), 0.13), rgba(var(--on-surface), 0.13)));
  "
`;

exports[`returns elevation styles for z=11 1`] = `
"
    z-index: 11;
    box-shadow: var(--shadow, 0px 6px 7px -4px rgba(var(--shadow-color), var(--umbra-opacity)), 0px 11px 15px 1px rgba(var(--shadow-color), var(--penumbra-opacity)), 0px 4px 20px 3px rgba(var(--shadow-color), var(--ambient-opacity)));
    background-image: var(--overlay, linear-gradient(rgba(var(--on-surface), 0.13), rgba(var(--on-surface), 0.13)));
  "
`;

exports[`returns elevation styles for z=12 1`] = `
"
    z-index: 12;
    box-shadow: var(--shadow, 0px 7px 8px -4px rgba(var(--shadow-color), var(--umbra-opacity)), 0px 12px 17px 2px rgba(var(--shadow-color), var(--penumbra-opacity)), 0px 5px 22px 4px rgba(var(--shadow-color), var(--ambient-opacity)));
    background-image: var(--overlay, linear-gradient(rgba(var(--on-surface), 0.14), rgba(var(--on-surface), 0.14)));
  "
`;

exports[`returns elevation styles for z=13 1`] = `
"
    z-index: 13;
    box-shadow: var(--shadow, 0px 7px 8px -4px rgba(var(--shadow-color), var(--umbra-opacity)), 0px 13px 19px 2px rgba(var(--shadow-color), var(--penumbra-opacity)), 0px 5px 24px 4px rgba(var(--shadow-color), var(--ambient-opacity)));
    background-image: var(--overlay, linear-gradient(rgba(var(--on-surface), 0.14), rgba(var(--on-surface), 0.14)));
  "
`;

exports[`returns elevation styles for z=14 1`] = `
"
    z-index: 14;
    box-shadow: var(--shadow, 0px 7px 9px -4px rgba(var(--shadow-color), var(--umbra-opacity)), 0px 14px 21px 2px rgba(var(--shadow-color), var(--penumbra-opacity)), 0px 5px 26px 4px rgba(var(--shadow-color), var(--ambient-opacity)));
    background-image: var(--overlay, linear-gradient(rgba(var(--on-surface), 0.14), rgba(var(--on-surface), 0.14)));
  "
`;

exports[`returns elevation styles for z=15 1`] = `
"
    z-index: 15;
    box-shadow: var(--shadow, 0px 8px 9px -5px rgba(var(--shadow-color), var(--umbra-opacity)), 0px 15px 22px 2px rgba(var(--shadow-color), var(--penumbra-opacity)), 0px 6px 28px 5px rgba(var(--shadow-color), var(--ambient-opacity)));
    background-image: var(--overlay, linear-gradient(rgba(var(--on-surface), 0.14), rgba(var(--on-surface), 0.14)));
  "
`;

exports[`returns elevation styles for z=16 1`] = `
"
    z-index: 16;
    box-shadow: var(--shadow, 0px 8px 10px -5px rgba(var(--shadow-color), var(--umbra-opacity)), 0px 16px 24px 2px rgba(var(--shadow-color), var(--penumbra-opacity)), 0px 6px 30px 5px rgba(var(--shadow-color), var(--ambient-opacity)));
    background-image: var(--overlay, linear-gradient(rgba(var(--on-surface), 0.15), rgba(var(--on-surface), 0.15)));
  "
`;

exports[`returns elevation styles for z=17 1`] = `
"
    z-index: 17;
    box-shadow: var(--shadow, 0px 8px 11px -5px rgba(var(--shadow-color), var(--umbra-opacity)), 0px 17px 26px 2px rgba(var(--shadow-color), var(--penumbra-opacity)), 0px 6px 32px 5px rgba(var(--shadow-color), var(--ambient-opacity)));
    background-image: var(--overlay, linear-gradient(rgba(var(--on-surface), 0.15), rgba(var(--on-surface), 0.15)));
  "
`;

exports[`returns elevation styles for z=18 1`] = `
"
    z-index: 18;
    box-shadow: var(--shadow, 0px 9px 11px -5px rgba(var(--shadow-color), var(--umbra-opacity)), 0px 18px 28px 2px rgba(var(--shadow-color), var(--penumbra-opacity)), 0px 7px 34px 6px rgba(var(--shadow-color), var(--ambient-opacity)));
    background-image: var(--overlay, linear-gradient(rgba(var(--on-surface), 0.15), rgba(var(--on-surface), 0.15)));
  "
`;

exports[`returns elevation styles for z=19 1`] = `
"
    z-index: 19;
    box-shadow: var(--shadow, 0px 9px 12px -6px rgba(var(--shadow-color), var(--umbra-opacity)), 0px 19px 29px 2px rgba(var(--shadow-color), var(--penumbra-opacity)), 0px 7px 36px 6px rgba(var(--shadow-color), var(--ambient-opacity)));
    background-image: var(--overlay, linear-gradient(rgba(var(--on-surface), 0.15), rgba(var(--on-surface), 0.15)));
  "
`;

exports[`returns elevation styles for z=20 1`] = `
"
    z-index: 20;
    box-shadow: var(--shadow, 0px 10px 13px -6px rgba(var(--shadow-color), var(--umbra-opacity)), 0px 20px 31px 3px rgba(var(--shadow-color), var(--penumbra-opacity)), 0px 8px 38px 7px rgba(var(--shadow-color), var(--ambient-opacity)));
    background-image: var(--overlay, linear-gradient(rgba(var(--on-surface), 0.16), rgba(var(--on-surface), 0.16)));
  "
`;

exports[`returns elevation styles for z=21 1`] = `
"
    z-index: 21;
    box-shadow: var(--shadow, 0px 10px 13px -6px rgba(var(--shadow-color), var(--umbra-opacity)), 0px 21px 33px 3px rgba(var(--shadow-color), var(--penumbra-opacity)), 0px 8px 40px 7px rgba(var(--shadow-color), var(--ambient-opacity)));
    background-image: var(--overlay, linear-gradient(rgba(var(--on-surface), 0.16), rgba(var(--on-surface), 0.16)));
  "
`;

exports[`returns elevation styles for z=22 1`] = `
"
    z-index: 22;
    box-shadow: var(--shadow, 0px 10px 14px -6px rgba(var(--shadow-color), var(--umbra-opacity)), 0px 22px 35px 3px rgba(var(--shadow-color), var(--penumbra-opacity)), 0px 8px 42px 7px rgba(var(--shadow-color), var(--ambient-opacity)));
    background-image: var(--overlay, linear-gradient(rgba(var(--on-surface), 0.16), rgba(var(--on-surface), 0.16)));
  "
`;

exports[`returns elevation styles for z=23 1`] = `
"
    z-index: 23;
    box-shadow: var(--shadow, 0px 11px 14px -7px rgba(var(--shadow-color), var(--umbra-opacity)), 0px 23px 36px 3px rgba(var(--shadow-color), var(--penumbra-opacity)), 0px 9px 44px 8px rgba(var(--shadow-color), var(--ambient-opacity)));
    background-image: var(--overlay, linear-gradient(rgba(var(--on-surface), 0.16), rgba(var(--on-surface), 0.16)));
  "
`;

exports[`returns elevation styles for z=24 1`] = `
"
    z-index: 24;
    box-shadow: var(--shadow, 0px 11px 15px -7px rgba(var(--shadow-color), var(--umbra-opacity)), 0px 24px 38px 3px rgba(var(--shadow-color), var(--penumbra-opacity)), 0px 9px 46px 8px rgba(var(--shadow-color), var(--ambient-opacity)));
    background-image: var(--overlay, linear-gradient(rgba(var(--on-surface), 0.16), rgba(var(--on-surface), 0.16)));
  "
`;
