// Jest Snapshot v1, https://goo.gl/fbAQLP

exports[`html stores the correct content inside the template 1`] = `
<DocumentFragment>
  
      
  <span>
    A template content
  </span>
  
    
</DocumentFragment>
`;
